../Core/Src/Tetris.c:48:6:print_Matrix	24	static
../Core/Src/Tetris.c:70:6:init_Sq	4	static
../Core/Src/Tetris.c:79:6:init_T	4	static
../Core/Src/Tetris.c:88:6:init_Z	4	static
../Core/Src/Tetris.c:97:6:init_S	4	static
../Core/Src/Tetris.c:106:6:init_L1	4	static
../Core/Src/Tetris.c:115:6:init_L2	4	static
../Core/Src/Tetris.c:124:6:init_I	4	static
../Core/Src/Tetris.c:133:6:init_Tetris_Game	32	static
../Core/Src/Tetris.c:160:6:clear_update	16	static
../Core/Src/Tetris.c:169:6:clear_table	16	static
../Core/Src/Tetris.c:179:6:insert_Block	24	static
../Core/Src/Tetris.c:192:6:block_down	16	static
../Core/Src/Tetris.c:211:6:block_left	32	static
../Core/Src/Tetris.c:251:6:block_right	32	static
../Core/Src/Tetris.c:287:10:get_random_num	24	static
../Core/Src/Tetris.c:296:5:get_block	24	static
../Core/Src/Tetris.c:335:6:clear_status	16	static
../Core/Src/Tetris.c:344:6:last_row_check	16	static
../Core/Src/Tetris.c:357:6:left_end_check	16	static
../Core/Src/Tetris.c:366:6:right_end_check	16	static
../Core/Src/Tetris.c:376:6:check_blocked_row	16	static
../Core/Src/Tetris.c:400:6:block_down_end	16	static
../Core/Src/Tetris.c:417:6:block_down_columns	40	static
../Core/Src/Tetris.c:429:6:clear_row	24	static
../Core/Src/Tetris.c:536:6:checked_row_filled	24	static
../Core/Src/Tetris.c:553:6:game_end_check	8	static
../Core/Src/Tetris.c:562:6:start_game	16	static
