Archive member included to satisfy reference by file (symbol)

C:/Personal files/Softwares/ST/STM32CubeIDE_1.13.2/STM32CubeIDE/plugins/com.st.stm32cube.ide.mcu.externaltools.gnu-tools-for-stm32.11.3.rel1.win32_1.1.1.202309131626/tools/bin/../lib/gcc/arm-none-eabi/11.3.1/../../../../arm-none-eabi/lib/thumb/v7e-m+fp/hard\libc_nano.a(libc_a-exit.o)
                              C:/Personal files/Softwares/ST/STM32CubeIDE_1.13.2/STM32CubeIDE/plugins/com.st.stm32cube.ide.mcu.externaltools.gnu-tools-for-stm32.11.3.rel1.win32_1.1.1.202309131626/tools/bin/../lib/gcc/arm-none-eabi/11.3.1/../../../../arm-none-eabi/lib/thumb/v7e-m+fp/hard/crt0.o (exit)
C:/Personal files/Softwares/ST/STM32CubeIDE_1.13.2/STM32CubeIDE/plugins/com.st.stm32cube.ide.mcu.externaltools.gnu-tools-for-stm32.11.3.rel1.win32_1.1.1.202309131626/tools/bin/../lib/gcc/arm-none-eabi/11.3.1/../../../../arm-none-eabi/lib/thumb/v7e-m+fp/hard\libc_nano.a(libc_a-malloc.o)
                              ./Middlewares/ST/STM32_USB_Host_Library/Class/CDC/Src/usbh_cdc.o (malloc)
C:/Personal files/Softwares/ST/STM32CubeIDE_1.13.2/STM32CubeIDE/plugins/com.st.stm32cube.ide.mcu.externaltools.gnu-tools-for-stm32.11.3.rel1.win32_1.1.1.202309131626/tools/bin/../lib/gcc/arm-none-eabi/11.3.1/../../../../arm-none-eabi/lib/thumb/v7e-m+fp/hard\libc_nano.a(libc_a-mallocr.o)
                              C:/Personal files/Softwares/ST/STM32CubeIDE_1.13.2/STM32CubeIDE/plugins/com.st.stm32cube.ide.mcu.externaltools.gnu-tools-for-stm32.11.3.rel1.win32_1.1.1.202309131626/tools/bin/../lib/gcc/arm-none-eabi/11.3.1/../../../../arm-none-eabi/lib/thumb/v7e-m+fp/hard\libc_nano.a(libc_a-malloc.o) (_malloc_r)
C:/Personal files/Softwares/ST/STM32CubeIDE_1.13.2/STM32CubeIDE/plugins/com.st.stm32cube.ide.mcu.externaltools.gnu-tools-for-stm32.11.3.rel1.win32_1.1.1.202309131626/tools/bin/../lib/gcc/arm-none-eabi/11.3.1/../../../../arm-none-eabi/lib/thumb/v7e-m+fp/hard\libc_nano.a(libc_a-mlock.o)
                              C:/Personal files/Softwares/ST/STM32CubeIDE_1.13.2/STM32CubeIDE/plugins/com.st.stm32cube.ide.mcu.externaltools.gnu-tools-for-stm32.11.3.rel1.win32_1.1.1.202309131626/tools/bin/../lib/gcc/arm-none-eabi/11.3.1/../../../../arm-none-eabi/lib/thumb/v7e-m+fp/hard\libc_nano.a(libc_a-mallocr.o) (__malloc_lock)
C:/Personal files/Softwares/ST/STM32CubeIDE_1.13.2/STM32CubeIDE/plugins/com.st.stm32cube.ide.mcu.externaltools.gnu-tools-for-stm32.11.3.rel1.win32_1.1.1.202309131626/tools/bin/../lib/gcc/arm-none-eabi/11.3.1/../../../../arm-none-eabi/lib/thumb/v7e-m+fp/hard\libc_nano.a(libc_a-findfp.o)
                              C:/Personal files/Softwares/ST/STM32CubeIDE_1.13.2/STM32CubeIDE/plugins/com.st.stm32cube.ide.mcu.externaltools.gnu-tools-for-stm32.11.3.rel1.win32_1.1.1.202309131626/tools/bin/../lib/gcc/arm-none-eabi/11.3.1/../../../../arm-none-eabi/lib/thumb/v7e-m+fp/hard\libc_nano.a(libc_a-exit.o) (__stdio_exit_handler)
C:/Personal files/Softwares/ST/STM32CubeIDE_1.13.2/STM32CubeIDE/plugins/com.st.stm32cube.ide.mcu.externaltools.gnu-tools-for-stm32.11.3.rel1.win32_1.1.1.202309131626/tools/bin/../lib/gcc/arm-none-eabi/11.3.1/../../../../arm-none-eabi/lib/thumb/v7e-m+fp/hard\libc_nano.a(libc_a-fwalk.o)
                              C:/Personal files/Softwares/ST/STM32CubeIDE_1.13.2/STM32CubeIDE/plugins/com.st.stm32cube.ide.mcu.externaltools.gnu-tools-for-stm32.11.3.rel1.win32_1.1.1.202309131626/tools/bin/../lib/gcc/arm-none-eabi/11.3.1/../../../../arm-none-eabi/lib/thumb/v7e-m+fp/hard\libc_nano.a(libc_a-findfp.o) (_fwalk_sglue)
C:/Personal files/Softwares/ST/STM32CubeIDE_1.13.2/STM32CubeIDE/plugins/com.st.stm32cube.ide.mcu.externaltools.gnu-tools-for-stm32.11.3.rel1.win32_1.1.1.202309131626/tools/bin/../lib/gcc/arm-none-eabi/11.3.1/../../../../arm-none-eabi/lib/thumb/v7e-m+fp/hard\libc_nano.a(libc_a-stdio.o)
                              C:/Personal files/Softwares/ST/STM32CubeIDE_1.13.2/STM32CubeIDE/plugins/com.st.stm32cube.ide.mcu.externaltools.gnu-tools-for-stm32.11.3.rel1.win32_1.1.1.202309131626/tools/bin/../lib/gcc/arm-none-eabi/11.3.1/../../../../arm-none-eabi/lib/thumb/v7e-m+fp/hard\libc_nano.a(libc_a-findfp.o) (__sread)
C:/Personal files/Softwares/ST/STM32CubeIDE_1.13.2/STM32CubeIDE/plugins/com.st.stm32cube.ide.mcu.externaltools.gnu-tools-for-stm32.11.3.rel1.win32_1.1.1.202309131626/tools/bin/../lib/gcc/arm-none-eabi/11.3.1/../../../../arm-none-eabi/lib/thumb/v7e-m+fp/hard\libc_nano.a(libc_a-memset.o)
                              C:/Personal files/Softwares/ST/STM32CubeIDE_1.13.2/STM32CubeIDE/plugins/com.st.stm32cube.ide.mcu.externaltools.gnu-tools-for-stm32.11.3.rel1.win32_1.1.1.202309131626/tools/bin/../lib/gcc/arm-none-eabi/11.3.1/../../../../arm-none-eabi/lib/thumb/v7e-m+fp/hard/crt0.o (memset)
[...]
Memory Configuration

Name             Origin             Length             Attributes
RAM              0x0000000020000000 0x0000000000020000 xrw
FLASH            0x0000000008000000 0x0000000000080000 xr
*default*        0x0000000000000000 0xffffffffffffffff

Linker script and memory map

LOAD C:/Personal files/Softwares/ST/STM32CubeIDE_1.13.2/STM32CubeIDE/plugins/com.st.stm32cube.ide.mcu.externaltools.gnu-tools-for-stm32.11.3.rel1.win32_1.1.1.202309131626/tools/bin/../lib/gcc/arm-none-eabi/11.3.1/thumb/v7e-m+fp/hard/crti.o
LOAD C:/Personal files/Softwares/ST/STM32CubeIDE_1.13.2/STM32CubeIDE/plugins/com.st.stm32cube.ide.mcu.externaltools.gnu-tools-for-stm32.11.3.rel1.win32_1.1.1.202309131626/tools/bin/../lib/gcc/arm-none-eabi/11.3.1/thumb/v7e-m+fp/hard/crtbegin.o
LOAD C:/Personal files/Softwares/ST/STM32CubeIDE_1.13.2/STM32CubeIDE/plugins/com.st.stm32cube.ide.mcu.externaltools.gnu-tools-for-stm32.11.3.rel1.win32_1.1.1.202309131626/tools/bin/../lib/gcc/arm-none-eabi/11.3.1/../../../../arm-none-eabi/lib/thumb/v7e-m+fp/hard/crt0.o
LOAD ./Core/Src/GameInput.o
LOAD ./Core/Src/JoyStick.o
LOAD ./Core/Src/Pushbutton.o
LOAD ./Core/Src/Tetris.o
LOAD ./Core/Src/Timers.o
LOAD ./Core/Src/UART.o
LOAD ./Core/Src/fonts.o
LOAD ./Core/Src/frame_generator.o
LOAD ./Core/Src/ili9341.o
LOAD ./Core/Src/ili9341_touch.o
LOAD ./Core/Src/main.o
LOAD ./Core/Src/nrf24l01.o
LOAD ./Core/Src/spi.o
LOAD ./Core/Src/stm32f4xx_hal_msp.o
LOAD ./Core/Src/stm32f4xx_it.o
LOAD ./Core/Src/syscalls.o
LOAD ./Core/Src/sysmem.o
LOAD ./Core/Src/system_stm32f4xx.o
LOAD ./Core/Startup/startup_stm32f411vetx.o
LOAD ./Drivers/STM32F4xx_HAL_Driver/Src/stm32f4xx_hal.o
LOAD ./Drivers/STM32F4xx_HAL_Driver/Src/stm32f4xx_hal_cortex.o
LOAD ./Drivers/STM32F4xx_HAL_Driver/Src/stm32f4xx_hal_dma.o
LOAD ./Drivers/STM32F4xx_HAL_Driver/Src/stm32f4xx_hal_dma_ex.o
LOAD ./Drivers/STM32F4xx_HAL_Driver/Src/stm32f4xx_hal_exti.o
LOAD ./Drivers/STM32F4xx_HAL_Driver/Src/stm32f4xx_hal_flash.o
LOAD ./Drivers/STM32F4xx_HAL_Driver/Src/stm32f4xx_hal_flash_ex.o
LOAD ./Drivers/STM32F4xx_HAL_Driver/Src/stm32f4xx_hal_flash_ramfunc.o
LOAD ./Drivers/STM32F4xx_HAL_Driver/Src/stm32f4xx_hal_gpio.o
LOAD ./Drivers/STM32F4xx_HAL_Driver/Src/stm32f4xx_hal_hcd.o
LOAD ./Drivers/STM32F4xx_HAL_Driver/Src/stm32f4xx_hal_i2c.o
LOAD ./Drivers/STM32F4xx_HAL_Driver/Src/stm32f4xx_hal_i2c_ex.o
LOAD ./Drivers/STM32F4xx_HAL_Driver/Src/stm32f4xx_hal_i2s.o
LOAD ./Drivers/STM32F4xx_HAL_Driver/Src/stm32f4xx_hal_i2s_ex.o
LOAD ./Drivers/STM32F4xx_HAL_Driver/Src/stm32f4xx_hal_pwr.o
LOAD ./Drivers/STM32F4xx_HAL_Driver/Src/stm32f4xx_hal_pwr_ex.o
LOAD ./Drivers/STM32F4xx_HAL_Driver/Src/stm32f4xx_hal_rcc.o
LOAD ./Drivers/STM32F4xx_HAL_Driver/Src/stm32f4xx_hal_rcc_ex.o
LOAD ./Drivers/STM32F4xx_HAL_Driver/Src/stm32f4xx_hal_spi.o
LOAD ./Drivers/STM32F4xx_HAL_Driver/Src/stm32f4xx_hal_tim.o
LOAD ./Drivers/STM32F4xx_HAL_Driver/Src/stm32f4xx_hal_tim_ex.o
LOAD ./Drivers/STM32F4xx_HAL_Driver/Src/stm32f4xx_ll_usb.o
LOAD ./Middlewares/ST/STM32_USB_Host_Library/Class/CDC/Src/usbh_cdc.o
LOAD ./Middlewares/ST/STM32_USB_Host_Library/Core/Src/usbh_core.o
LOAD ./Middlewares/ST/STM32_USB_Host_Library/Core/Src/usbh_ctlreq.o
LOAD ./Middlewares/ST/STM32_USB_Host_Library/Core/Src/usbh_ioreq.o
LOAD ./Middlewares/ST/STM32_USB_Host_Library/Core/Src/usbh_pipes.o
LOAD ./USB_HOST/App/usb_host.o
LOAD ./USB_HOST/Target/usbh_conf.o
LOAD ./USB_HOST/Target/usbh_platform.o
START GROUP
LOAD C:/Personal files/Softwares/ST/STM32CubeIDE_1.13.2/STM32CubeIDE/plugins/com.st.stm32cube.ide.mcu.externaltools.gnu-tools-for-stm32.11.3.rel1.win32_1.1.1.202309131626/tools/bin/../lib/gcc/arm-none-eabi/11.3.1/../../../../arm-none-eabi/lib/thumb/v7e-m+fp/hard\libc_nano.a
LOAD C:/Personal files/Softwares/ST/STM32CubeIDE_1.13.2/STM32CubeIDE/plugins/com.st.stm32cube.ide.mcu.externaltools.gnu-tools-for-stm32.11.3.rel1.win32_1.1.1.202309131626/tools/bin/../lib/gcc/arm-none-eabi/11.3.1/../../../../arm-none-eabi/lib/thumb/v7e-m+fp/hard\libm.a
END GROUP
START GROUP
LOAD C:/Personal files/Softwares/ST/STM32CubeIDE_1.13.2/STM32CubeIDE/plugins/com.st.stm32cube.ide.mcu.externaltools.gnu-tools-for-stm32.11.3.rel1.win32_1.1.1.202309131626/tools/bin/../lib/gcc/arm-none-eabi/11.3.1/thumb/v7e-m+fp/hard\libgcc.a
LOAD C:/Personal files/Softwares/ST/STM32CubeIDE_1.13.2/STM32CubeIDE/plugins/com.st.stm32cube.ide.mcu.externaltools.gnu-tools-for-stm32.11.3.rel1.win32_1.1.1.202309131626/tools/bin/../lib/gcc/arm-none-eabi/11.3.1/../../../../arm-none-eabi/lib/thumb/v7e-m+fp/hard\libc_nano.a
END GROUP
START GROUP
LOAD C:/Personal files/Softwares/ST/STM32CubeIDE_1.13.2/STM32CubeIDE/plugins/com.st.stm32cube.ide.mcu.externaltools.gnu-tools-for-stm32.11.3.rel1.win32_1.1.1.202309131626/tools/bin/../lib/gcc/arm-none-eabi/11.3.1/thumb/v7e-m+fp/hard\libgcc.a
LOAD C:/Personal files/Softwares/ST/STM32CubeIDE_1.13.2/STM32CubeIDE/plugins/com.st.stm32cube.ide.mcu.externaltools.gnu-tools-for-stm32.11.3.rel1.win32_1.1.1.202309131626/tools/bin/../lib/gcc/arm-none-eabi/11.3.1/../../../../arm-none-eabi/lib/thumb/v7e-m+fp/hard\libc_nano.a
LOAD C:/Personal files/Softwares/ST/STM32CubeIDE_1.13.2/STM32CubeIDE/plugins/com.st.stm32cube.ide.mcu.externaltools.gnu-tools-for-stm32.11.3.rel1.win32_1.1.1.202309131626/tools/bin/../lib/gcc/arm-none-eabi/11.3.1/../../../../arm-none-eabi/lib/thumb/v7e-m+fp/hard\libnosys.a
END GROUP
START GROUP
LOAD C:/Personal files/Softwares/ST/STM32CubeIDE_1.13.2/STM32CubeIDE/plugins/com.st.stm32cube.ide.mcu.externaltools.gnu-tools-for-stm32.11.3.rel1.win32_1.1.1.202309131626/tools/bin/../lib/gcc/arm-none-eabi/11.3.1/thumb/v7e-m+fp/hard\libgcc.a
LOAD C:/Personal files/Softwares/ST/STM32CubeIDE_1.13.2/STM32CubeIDE/plugins/com.st.stm32cube.ide.mcu.externaltools.gnu-tools-for-stm32.11.3.rel1.win32_1.1.1.202309131626/tools/bin/../lib/gcc/arm-none-eabi/11.3.1/../../../../arm-none-eabi/lib/thumb/v7e-m+fp/hard\libc_nano.a
LOAD C:/Personal files/Softwares/ST/STM32CubeIDE_1.13.2/STM32CubeIDE/plugins/com.st.stm32cube.ide.mcu.externaltools.gnu-tools-for-stm32.11.3.rel1.win32_1.1.1.202309131626/tools/bin/../lib/gcc/arm-none-eabi/11.3.1/../../../../arm-none-eabi/lib/thumb/v7e-m+fp/hard\libnosys.a
END GROUP
LOAD C:/Personal files/Softwares/ST/STM32CubeIDE_1.13.2/STM32CubeIDE/plugins/com.st.stm32cube.ide.mcu.externaltools.gnu-tools-for-stm32.11.3.rel1.win32_1.1.1.202309131626/tools/bin/../lib/gcc/arm-none-eabi/11.3.1/thumb/v7e-m+fp/hard/crtend.o
LOAD C:/Personal files/Softwares/ST/STM32CubeIDE_1.13.2/STM32CubeIDE/plugins/com.st.stm32cube.ide.mcu.externaltools.gnu-tools-for-stm32.11.3.rel1.win32_1.1.1.202309131626/tools/bin/../lib/gcc/arm-none-eabi/11.3.1/thumb/v7e-m+fp/hard/crtn.o
                0x0000000020020000                _estack = (ORIGIN (RAM) + LENGTH (RAM))
                0x0000000000000200                _Min_Heap_Size = 0x200
                0x0000000000000400                _Min_Stack_Size = 0x400

.isr_vector     0x0000000008000000      0x198
                0x0000000008000000                . = ALIGN (0x4)
 *(.isr_vector)
 .isr_vector    0x0000000008000000      0x198 ./Core/Startup/startup_stm32f411vetx.o
                0x0000000008000000                g_pfnVectors
                0x0000000008000198                . = ALIGN (0x4)

.text           0x0000000008000198     0x2d94
                0x0000000008000198                . = ALIGN (0x4)
 *(.text)
 .text          0x0000000008000198       0x40 C:/Personal files/Softwares/ST/STM32CubeIDE_1.13.2/STM32CubeIDE/plugins/com.st.stm32cube.ide.mcu.externaltools.gnu-tools-for-stm32.11.3.rel1.win32_1.1.1.202309131626/tools/bin/../lib/gcc/arm-none-eabi/11.3.1/thumb/v7e-m+fp/hard/crtbegin.o
 *(.text*)
 .text.get_dir  0x00000000080001d8       0x54 ./Core/Src/GameInput.o
                0x00000000080001d8                get_dir
 .text.Get_JoyStick_Val
                0x000000000800022c       0x58 ./Core/Src/JoyStick.o
                0x000000000800022c                Get_JoyStick_Val
 .text.Init_JoyStick
                0x0000000008000284       0xe0 ./Core/Src/JoyStick.o
                0x0000000008000284                Init_JoyStick
 .text.__NVIC_EnableIRQ
                0x0000000008000364       0x3c ./Core/Src/Timers.o
 .text.Init_Timer2
                0x00000000080003a0       0x58 ./Core/Src/Timers.o
                0x00000000080003a0                Init_Timer2
 .text.TIM2_IRQHandler
                0x00000000080003f8       0x30 ./Core/Src/Timers.o
                0x00000000080003f8                TIM2_IRQHandler
 .text.TIM3_IRQHandler
                0x0000000008000428       0x30 ./Core/Src/Timers.o
                0x0000000008000428                TIM3_IRQHandler
 .text.TIM4_IRQHandler
                0x0000000008000458       0x30 ./Core/Src/Timers.o
                0x0000000008000458                TIM4_IRQHandler
 .text.FG_Init  0x0000000008000488       0x74 ./Core/Src/frame_generator.o
                0x0000000008000488                FG_Init
 .text.delay    0x00000000080004fc       0x2a ./Core/Src/ili9341.o
                0x00000000080004fc                delay
 *fill*         0x0000000008000526        0x2 
 .text.LCD_WriteCommand
                0x0000000008000528       0x50 ./Core/Src/ili9341.o
                0x0000000008000528                LCD_WriteCommand
 .text.LCD_WriteData
                0x0000000008000578       0x44 ./Core/Src/ili9341.o
                0x0000000008000578                LCD_WriteData
 .text.LCD_SendColour
                0x00000000080005bc       0x2a ./Core/Src/ili9341.o
                0x00000000080005bc                LCD_SendColour
 .text.LCD_SetAddress
                0x00000000080005e6       0x98 ./Core/Src/ili9341.o
                0x00000000080005e6                LCD_SetAddress
 .text.LCD_Clear
                0x000000000800067e       0x50 ./Core/Src/ili9341.o
                0x000000000800067e                LCD_Clear
 .text.LCD_Fill
                0x00000000080006ce       0xa8 ./Core/Src/ili9341.o
                0x00000000080006ce                LCD_Fill
 .text.LCD_Rectangle
                0x0000000008000776       0xc6 ./Core/Src/ili9341.o
                0x0000000008000776                LCD_Rectangle
 .text.LCD_Init
                0x000000000800083c      0x30c ./Core/Src/ili9341.o
                0x000000000800083c                LCD_Init
 .text.LCD_WriteChar
                0x0000000008000b48       0xbe ./Core/Src/ili9341.o
                0x0000000008000b48                LCD_WriteChar
 .text.LCD_WriteString
                0x0000000008000c06       0x8e ./Core/Src/ili9341.o
                0x0000000008000c06                LCD_WriteString
 .text.main     0x0000000008000c94       0x60 ./Core/Src/main.o
                0x0000000008000c94                main
 .text.NRF_Write
                0x0000000008000cf4       0x5c ./Core/Src/nrf24l01.o
                0x0000000008000cf4                NRF_Write
 .text.NRF_Read
                0x0000000008000d50       0x40 ./Core/Src/nrf24l01.o
                0x0000000008000d50                NRF_Read
 .text.delay_iter
                0x0000000008000d90       0x2a ./Core/Src/nrf24l01.o
                0x0000000008000d90                delay_iter
 *fill*         0x0000000008000dba        0x2 
 .text.NRF_Init
                0x0000000008000dbc      0x1ac ./Core/Src/nrf24l01.o
                0x0000000008000dbc                NRF_Init
 .text.NRF_OpenWritingPipe
                0x0000000008000f68       0x50 ./Core/Src/nrf24l01.o
                0x0000000008000f68                NRF_OpenWritingPipe
 .text.NRF_StopListening
                0x0000000008000fb8       0x90 ./Core/Src/nrf24l01.o
                0x0000000008000fb8                NRF_StopListening
 .text.NRF_SendData
                0x0000000008001048       0xd8 ./Core/Src/nrf24l01.o
                0x0000000008001048                NRF_SendData
 .text.SPI1_Init
                0x0000000008001120       0x84 ./Core/Src/spi.o
                0x0000000008001120                SPI1_Init
 .text.WaitForSPI1TXReady
                0x00000000080011a4       0x40 ./Core/Src/spi.o
                0x00000000080011a4                WaitForSPI1TXReady
 .text.SPI1_SendData
                0x00000000080011e4       0x24 ./Core/Src/spi.o
                0x00000000080011e4                SPI1_SendData
 .text.SPI2_Init
                0x0000000008001208       0x8c ./Core/Src/spi.o
                0x0000000008001208                SPI2_Init
 .text.SPI2_WaitForRXReady
                0x0000000008001294       0x38 ./Core/Src/spi.o
                0x0000000008001294                SPI2_WaitForRXReady
 .text.SPI2_WaitForTXReady
                0x00000000080012cc       0x40 ./Core/Src/spi.o
                0x00000000080012cc                SPI2_WaitForTXReady
 .text.SPI2_SendData
                0x000000000800130c       0x24 ./Core/Src/spi.o
                0x000000000800130c                SPI2_SendData
 .text.SPI2_GetData
                0x0000000008001330       0x18 ./Core/Src/spi.o
                0x0000000008001330                SPI2_GetData
 .text.NMI_Handler
                0x0000000008001348        0x6 ./Core/Src/stm32f4xx_it.o
                0x0000000008001348                NMI_Handler
 .text.HardFault_Handler
                0x000000000800134e        0x6 ./Core/Src/stm32f4xx_it.o
                0x000000000800134e                HardFault_Handler
 .text.MemManage_Handler
                0x0000000008001354        0x6 ./Core/Src/stm32f4xx_it.o
                0x0000000008001354                MemManage_Handler
 .text.BusFault_Handler
                0x000000000800135a        0x6 ./Core/Src/stm32f4xx_it.o
                0x000000000800135a                BusFault_Handler
 .text.UsageFault_Handler
                0x0000000008001360        0x6 ./Core/Src/stm32f4xx_it.o
                0x0000000008001360                UsageFault_Handler
 .text.SVC_Handler
                0x0000000008001366        0xe ./Core/Src/stm32f4xx_it.o
                0x0000000008001366                SVC_Handler
 .text.DebugMon_Handler
                0x0000000008001374        0xe ./Core/Src/stm32f4xx_it.o
                0x0000000008001374                DebugMon_Handler
 .text.PendSV_Handler
                0x0000000008001382        0xe ./Core/Src/stm32f4xx_it.o
                0x0000000008001382                PendSV_Handler
 .text.SysTick_Handler
                0x0000000008001390        0xc ./Core/Src/stm32f4xx_it.o
                0x0000000008001390                SysTick_Handler
 .text.OTG_FS_IRQHandler
                0x000000000800139c       0x14 ./Core/Src/stm32f4xx_it.o
                0x000000000800139c                OTG_FS_IRQHandler
 .text.SystemInit
                0x00000000080013b0       0x24 ./Core/Src/system_stm32f4xx.o
                0x00000000080013b0                SystemInit
 .text.Reset_Handler
                0x00000000080013d4       0x50 ./Core/Startup/startup_stm32f411vetx.o
                0x00000000080013d4                Reset_Handler
 .text.Default_Handler
                0x0000000008001424        0x2 ./Core/Startup/startup_stm32f411vetx.o
                0x0000000008001424                RTC_Alarm_IRQHandler
                0x0000000008001424                EXTI2_IRQHandler
                0x0000000008001424                SPI4_IRQHandler
                0x0000000008001424                TIM1_CC_IRQHandler
                0x0000000008001424                DMA2_Stream5_IRQHandler
                0x0000000008001424                DMA1_Stream5_IRQHandler
                0x0000000008001424                PVD_IRQHandler
                0x0000000008001424                SDIO_IRQHandler
                0x0000000008001424                TAMP_STAMP_IRQHandler
                0x0000000008001424                EXTI3_IRQHandler
                0x0000000008001424                TIM1_UP_TIM10_IRQHandler
                0x0000000008001424                I2C3_ER_IRQHandler
                0x0000000008001424                EXTI0_IRQHandler
                0x0000000008001424                I2C2_EV_IRQHandler
                0x0000000008001424                DMA1_Stream2_IRQHandler
                0x0000000008001424                FPU_IRQHandler
                0x0000000008001424                DMA2_Stream2_IRQHandler
                0x0000000008001424                SPI1_IRQHandler
                0x0000000008001424                TIM1_BRK_TIM9_IRQHandler
                0x0000000008001424                DMA2_Stream3_IRQHandler
                0x0000000008001424                USART6_IRQHandler
                0x0000000008001424                DMA2_Stream0_IRQHandler
                0x0000000008001424                I2C1_EV_IRQHandler
                0x0000000008001424                DMA1_Stream6_IRQHandler
                0x0000000008001424                DMA1_Stream1_IRQHandler
                0x0000000008001424                RCC_IRQHandler
                0x0000000008001424                Default_Handler
                0x0000000008001424                EXTI15_10_IRQHandler
                0x0000000008001424                ADC_IRQHandler
                0x0000000008001424                DMA1_Stream7_IRQHandler
                0x0000000008001424                SPI5_IRQHandler
                0x0000000008001424                TIM5_IRQHandler
                0x0000000008001424                DMA2_Stream7_IRQHandler
                0x0000000008001424                I2C3_EV_IRQHandler
                0x0000000008001424                EXTI9_5_IRQHandler
                0x0000000008001424                RTC_WKUP_IRQHandler
                0x0000000008001424                SPI2_IRQHandler
                0x0000000008001424                DMA1_Stream0_IRQHandler
                0x0000000008001424                EXTI4_IRQHandler
                0x0000000008001424                WWDG_IRQHandler
                0x0000000008001424                OTG_FS_WKUP_IRQHandler
                0x0000000008001424                TIM1_TRG_COM_TIM11_IRQHandler
                0x0000000008001424                EXTI1_IRQHandler
                0x0000000008001424                USART2_IRQHandler
                0x0000000008001424                I2C2_ER_IRQHandler
                0x0000000008001424                DMA2_Stream1_IRQHandler
                0x0000000008001424                FLASH_IRQHandler
                0x0000000008001424                DMA2_Stream4_IRQHandler
                0x0000000008001424                USART1_IRQHandler
                0x0000000008001424                SPI3_IRQHandler
                0x0000000008001424                DMA1_Stream4_IRQHandler
                0x0000000008001424                I2C1_ER_IRQHandler
                0x0000000008001424                DMA2_Stream6_IRQHandler
                0x0000000008001424                DMA1_Stream3_IRQHandler
 *fill*         0x0000000008001426        0x2 
 .text.HAL_IncTick
                0x0000000008001428       0x28 ./Drivers/STM32F4xx_HAL_Driver/Src/stm32f4xx_hal.o
                0x0000000008001428                HAL_IncTick
 .text.HAL_HCD_IRQHandler
                0x0000000008001450      0x216 ./Drivers/STM32F4xx_HAL_Driver/Src/stm32f4xx_hal_hcd.o
                0x0000000008001450                HAL_HCD_IRQHandler
 .text.HAL_HCD_Stop
                0x0000000008001666       0x3a ./Drivers/STM32F4xx_HAL_Driver/Src/stm32f4xx_hal_hcd.o
                0x0000000008001666                HAL_HCD_Stop
 .text.HCD_HC_IN_IRQHandler
                0x00000000080016a0      0x6aa ./Drivers/STM32F4xx_HAL_Driver/Src/stm32f4xx_hal_hcd.o
 .text.HCD_HC_OUT_IRQHandler
                0x0000000008001d4a      0x6d2 ./Drivers/STM32F4xx_HAL_Driver/Src/stm32f4xx_hal_hcd.o
 .text.HCD_RXQLVL_IRQHandler
                0x000000000800241c      0x1a4 ./Drivers/STM32F4xx_HAL_Driver/Src/stm32f4xx_hal_hcd.o
 .text.HCD_Port_IRQHandler
                0x00000000080025c0       0xe6 ./Drivers/STM32F4xx_HAL_Driver/Src/stm32f4xx_hal_hcd.o
 .text.USB_EnableGlobalInt
                0x00000000080026a6       0x22 ./Drivers/STM32F4xx_HAL_Driver/Src/stm32f4xx_ll_usb.o
                0x00000000080026a6                USB_EnableGlobalInt
 .text.USB_DisableGlobalInt
                0x00000000080026c8       0x22 ./Drivers/STM32F4xx_HAL_Driver/Src/stm32f4xx_ll_usb.o
                0x00000000080026c8                USB_DisableGlobalInt
 *fill*         0x00000000080026ea        0x2 
 .text.USB_FlushTxFifo
                0x00000000080026ec       0x68 ./Drivers/STM32F4xx_HAL_Driver/Src/stm32f4xx_ll_usb.o
                0x00000000080026ec                USB_FlushTxFifo
 .text.USB_FlushRxFifo
                0x0000000008002754       0x60 ./Drivers/STM32F4xx_HAL_Driver/Src/stm32f4xx_ll_usb.o
                0x0000000008002754                USB_FlushRxFifo
 .text.USB_ReadPacket
                0x00000000080027b4       0xb0 ./Drivers/STM32F4xx_HAL_Driver/Src/stm32f4xx_ll_usb.o
                0x00000000080027b4                USB_ReadPacket
 .text.USB_ReadInterrupts
                0x0000000008002864       0x26 ./Drivers/STM32F4xx_HAL_Driver/Src/stm32f4xx_ll_usb.o
                0x0000000008002864                USB_ReadInterrupts
 .text.USB_GetMode
                0x000000000800288a       0x1c ./Drivers/STM32F4xx_HAL_Driver/Src/stm32f4xx_ll_usb.o
                0x000000000800288a                USB_GetMode
 .text.USB_InitFSLSPClkSel
                0x00000000080028a6       0x74 ./Drivers/STM32F4xx_HAL_Driver/Src/stm32f4xx_ll_usb.o
                0x00000000080028a6                USB_InitFSLSPClkSel
 .text.USB_HC_ReadInterrupt
                0x000000000800291a       0x22 ./Drivers/STM32F4xx_HAL_Driver/Src/stm32f4xx_ll_usb.o
                0x000000000800291a                USB_HC_ReadInterrupt
 .text.USB_HC_Halt
                0x000000000800293c      0x1f8 ./Drivers/STM32F4xx_HAL_Driver/Src/stm32f4xx_ll_usb.o
                0x000000000800293c                USB_HC_Halt
 .text.USB_StopHost
                0x0000000008002b34      0x124 ./Drivers/STM32F4xx_HAL_Driver/Src/stm32f4xx_ll_usb.o
                0x0000000008002b34                USB_StopHost
 .text.USBH_LL_IncTimer
                0x0000000008002c58       0x24 ./Middlewares/ST/STM32_USB_Host_Library/Core/Src/usbh_core.o
                0x0000000008002c58                USBH_LL_IncTimer
 .text.USBH_HandleSof
                0x0000000008002c7c       0x30 ./Middlewares/ST/STM32_USB_Host_Library/Core/Src/usbh_core.o
 .text.USBH_LL_PortEnabled
                0x0000000008002cac       0x1c ./Middlewares/ST/STM32_USB_Host_Library/Core/Src/usbh_core.o
                0x0000000008002cac                USBH_LL_PortEnabled
 .text.USBH_LL_PortDisabled
                0x0000000008002cc8       0x1c ./Middlewares/ST/STM32_USB_Host_Library/Core/Src/usbh_core.o
                0x0000000008002cc8                USBH_LL_PortDisabled
 .text.USBH_LL_Connect
                0x0000000008002ce4       0x2e ./Middlewares/ST/STM32_USB_Host_Library/Core/Src/usbh_core.o
                0x0000000008002ce4                USBH_LL_Connect
 .text.USBH_LL_Disconnect
                0x0000000008002d12       0x48 ./Middlewares/ST/STM32_USB_Host_Library/Core/Src/usbh_core.o
                0x0000000008002d12                USBH_LL_Disconnect
 .text.USBH_FreePipe
                0x0000000008002d5a       0x3c ./Middlewares/ST/STM32_USB_Host_Library/Core/Src/usbh_pipes.o
                0x0000000008002d5a                USBH_FreePipe
 .text.HAL_HCD_SOF_Callback
                0x0000000008002d96       0x1c ./USB_HOST/Target/usbh_conf.o
                0x0000000008002d96                HAL_HCD_SOF_Callback
 .text.HAL_HCD_Connect_Callback
                0x0000000008002db2       0x1c ./USB_HOST/Target/usbh_conf.o
                0x0000000008002db2                HAL_HCD_Connect_Callback
 .text.HAL_HCD_Disconnect_Callback
                0x0000000008002dce       0x1c ./USB_HOST/Target/usbh_conf.o
                0x0000000008002dce                HAL_HCD_Disconnect_Callback
 .text.HAL_HCD_HC_NotifyURBChange_Callback
                0x0000000008002dea       0x1c ./USB_HOST/Target/usbh_conf.o
                0x0000000008002dea                HAL_HCD_HC_NotifyURBChange_Callback
 .text.HAL_HCD_PortEnabled_Callback
                0x0000000008002e06       0x1c ./USB_HOST/Target/usbh_conf.o
                0x0000000008002e06                HAL_HCD_PortEnabled_Callback
 .text.HAL_HCD_PortDisabled_Callback
                0x0000000008002e22       0x1c ./USB_HOST/Target/usbh_conf.o
                0x0000000008002e22                HAL_HCD_PortDisabled_Callback
 .text.USBH_LL_Stop
                0x0000000008002e3e       0x36 ./USB_HOST/Target/usbh_conf.o
                0x0000000008002e3e                USBH_LL_Stop
 .text.USBH_Get_USB_Status
                0x0000000008002e74       0x58 ./USB_HOST/Target/usbh_conf.o
                0x0000000008002e74                USBH_Get_USB_Status
 .text.__libc_init_array
                0x0000000008002ecc       0x48 C:/Personal files/Softwares/ST/STM32CubeIDE_1.13.2/STM32CubeIDE/plugins/com.st.stm32cube.ide.mcu.externaltools.gnu-tools-for-stm32.11.3.rel1.win32_1.1.1.202309131626/tools/bin/../lib/gcc/arm-none-eabi/11.3.1/../../../../arm-none-eabi/lib/thumb/v7e-m+fp/hard\libc_nano.a(libc_a-init.o)
                0x0000000008002ecc                __libc_init_array
 *(.glue_7)
 .glue_7        0x0000000008002f14        0x0 linker stubs
 *(.glue_7t)
 .glue_7t       0x0000000008002f14        0x0 linker stubs
 *(.eh_frame)
 .eh_frame      0x0000000008002f14        0x0 C:/Personal files/Softwares/ST/STM32CubeIDE_1.13.2/STM32CubeIDE/plugins/com.st.stm32cube.ide.mcu.externaltools.gnu-tools-for-stm32.11.3.rel1.win32_1.1.1.202309131626/tools/bin/../lib/gcc/arm-none-eabi/11.3.1/thumb/v7e-m+fp/hard/crtbegin.o
 *(.init)
 .init          0x0000000008002f14        0x4 C:/Personal files/Softwares/ST/STM32CubeIDE_1.13.2/STM32CubeIDE/plugins/com.st.stm32cube.ide.mcu.externaltools.gnu-tools-for-stm32.11.3.rel1.win32_1.1.1.202309131626/tools/bin/../lib/gcc/arm-none-eabi/11.3.1/thumb/v7e-m+fp/hard/crti.o
                0x0000000008002f14                _init
 .init          0x0000000008002f18        0x8 C:/Personal files/Softwares/ST/STM32CubeIDE_1.13.2/STM32CubeIDE/plugins/com.st.stm32cube.ide.mcu.externaltools.gnu-tools-for-stm32.11.3.rel1.win32_1.1.1.202309131626/tools/bin/../lib/gcc/arm-none-eabi/11.3.1/thumb/v7e-m+fp/hard/crtn.o
 *(.fini)
 .fini          0x0000000008002f20        0x4 C:/Personal files/Softwares/ST/STM32CubeIDE_1.13.2/STM32CubeIDE/plugins/com.st.stm32cube.ide.mcu.externaltools.gnu-tools-for-stm32.11.3.rel1.win32_1.1.1.202309131626/tools/bin/../lib/gcc/arm-none-eabi/11.3.1/thumb/v7e-m+fp/hard/crti.o
                0x0000000008002f20                _fini
 .fini          0x0000000008002f24        0x8 C:/Personal files/Softwares/ST/STM32CubeIDE_1.13.2/STM32CubeIDE/plugins/com.st.stm32cube.ide.mcu.externaltools.gnu-tools-for-stm32.11.3.rel1.win32_1.1.1.202309131626/tools/bin/../lib/gcc/arm-none-eabi/11.3.1/thumb/v7e-m+fp/hard/crtn.o
                0x0000000008002f2c                . = ALIGN (0x4)
                0x0000000008002f2c                _etext = .

.vfp11_veneer   0x0000000008002f2c        0x0
 .vfp11_veneer  0x0000000008002f2c        0x0 linker stubs

.v4_bx          0x0000000008002f2c        0x0
 .v4_bx         0x0000000008002f2c        0x0 linker stubs

.iplt           0x0000000008002f2c        0x0
 .iplt          0x0000000008002f2c        0x0 C:/Personal files/Softwares/ST/STM32CubeIDE_1.13.2/STM32CubeIDE/plugins/com.st.stm32cube.ide.mcu.externaltools.gnu-tools-for-stm32.11.3.rel1.win32_1.1.1.202309131626/tools/bin/../lib/gcc/arm-none-eabi/11.3.1/thumb/v7e-m+fp/hard/crtbegin.o

.rodata         0x0000000008002f2c     0x20b8
                0x0000000008002f2c                . = ALIGN (0x4)
 *(.rodata)
 .rodata        0x0000000008002f2c        0xf ./Core/Src/frame_generator.o
 *(.rodata*)
 *fill*         0x0000000008002f3b        0x1 
 .rodata.Font11x18
                0x0000000008002f3c      0xd5c ./Core/Src/fonts.o
 .rodata.Font16x26
                0x0000000008003c98     0x134c ./Core/Src/fonts.o
                0x0000000008004fe4                . = ALIGN (0x4)

.rel.dyn        0x0000000008004fe4        0x0
 .rel.iplt      0x0000000008004fe4        0x0 C:/Personal files/Softwares/ST/STM32CubeIDE_1.13.2/STM32CubeIDE/plugins/com.st.stm32cube.ide.mcu.externaltools.gnu-tools-for-stm32.11.3.rel1.win32_1.1.1.202309131626/tools/bin/../lib/gcc/arm-none-eabi/11.3.1/thumb/v7e-m+fp/hard/crtbegin.o

.ARM.extab      0x0000000008004fe4        0x0
                0x0000000008004fe4                . = ALIGN (0x4)
 *(.ARM.extab* .gnu.linkonce.armextab.*)
                0x0000000008004fe4                . = ALIGN (0x4)

.ARM            0x0000000008004fe4        0x0
                0x0000000008004fe4                . = ALIGN (0x4)
                0x0000000008004fe4                __exidx_start = .
 *(.ARM.exidx*)
                0x0000000008004fe4                __exidx_end = .
                0x0000000008004fe4                . = ALIGN (0x4)

.preinit_array  0x0000000008004fe4        0x0
                0x0000000008004fe4                . = ALIGN (0x4)
                0x0000000008004fe4                PROVIDE (__preinit_array_start = .)
 *(.preinit_array*)
                0x0000000008004fe4                PROVIDE (__preinit_array_end = .)
                0x0000000008004fe4                . = ALIGN (0x4)

.init_array     0x0000000008004fe4        0x4
                0x0000000008004fe4                . = ALIGN (0x4)
                0x0000000008004fe4                PROVIDE (__init_array_start = .)
 *(SORT_BY_NAME(.init_array.*))
 *(.init_array*)
 .init_array    0x0000000008004fe4        0x4 C:/Personal files/Softwares/ST/STM32CubeIDE_1.13.2/STM32CubeIDE/plugins/com.st.stm32cube.ide.mcu.externaltools.gnu-tools-for-stm32.11.3.rel1.win32_1.1.1.202309131626/tools/bin/../lib/gcc/arm-none-eabi/11.3.1/thumb/v7e-m+fp/hard/crtbegin.o
                0x0000000008004fe8                PROVIDE (__init_array_end = .)
                0x0000000008004fe8                . = ALIGN (0x4)

.fini_array     0x0000000008004fe8        0x4
                0x0000000008004fe8                . = ALIGN (0x4)
                [!provide]                        PROVIDE (__fini_array_start = .)
 *(SORT_BY_NAME(.fini_array.*))
 *(.fini_array*)
 .fini_array    0x0000000008004fe8        0x4 C:/Personal files/Softwares/ST/STM32CubeIDE_1.13.2/STM32CubeIDE/plugins/com.st.stm32cube.ide.mcu.externaltools.gnu-tools-for-stm32.11.3.rel1.win32_1.1.1.202309131626/tools/bin/../lib/gcc/arm-none-eabi/11.3.1/thumb/v7e-m+fp/hard/crtbegin.o
                [!provide]                        PROVIDE (__fini_array_end = .)
                0x0000000008004fec                . = ALIGN (0x4)
                0x0000000008004fec                _sidata = LOADADDR (.data)

.data           0x0000000020000000       0x1c load address 0x0000000008004fec
                0x0000000020000000                . = ALIGN (0x4)
                0x0000000020000000                _sdata = .
 *(.data)
 *(.data*)
 .data.Font_11x18
                0x0000000020000000        0x8 ./Core/Src/fonts.o
                0x0000000020000000                Font_11x18
 .data.Font_16x26
                0x0000000020000008        0x8 ./Core/Src/fonts.o
                0x0000000020000008                Font_16x26
 .data.addressWidth
                0x0000000020000010        0x1 ./Core/Src/nrf24l01.o
                0x0000000020000010                addressWidth
 *fill*         0x0000000020000011        0x3 
 .data.addr     0x0000000020000014        0x6 ./Core/Src/nrf24l01.o
                0x0000000020000014                addr
 .data.uwTickFreq
                0x000000002000001a        0x1 ./Drivers/STM32F4xx_HAL_Driver/Src/stm32f4xx_hal.o
                0x000000002000001a                uwTickFreq
 *(.RamFunc)
 *(.RamFunc*)
                0x000000002000001c                . = ALIGN (0x4)
 *fill*         0x000000002000001b        0x1 
                0x000000002000001c                _edata = .

.igot.plt       0x000000002000001c        0x0 load address 0x0000000008005008
 .igot.plt      0x000000002000001c        0x0 C:/Personal files/Softwares/ST/STM32CubeIDE_1.13.2/STM32CubeIDE/plugins/com.st.stm32cube.ide.mcu.externaltools.gnu-tools-for-stm32.11.3.rel1.win32_1.1.1.202309131626/tools/bin/../lib/gcc/arm-none-eabi/11.3.1/thumb/v7e-m+fp/hard/crtbegin.o
                0x000000002000001c                . = ALIGN (0x4)

.bss            0x000000002000001c      0x338 load address 0x0000000008005008
                0x000000002000001c                _sbss = .
                0x000000002000001c                __bss_start__ = _sbss
 *(.bss)
 .bss           0x000000002000001c       0x1c C:/Personal files/Softwares/ST/STM32CubeIDE_1.13.2/STM32CubeIDE/plugins/com.st.stm32cube.ide.mcu.externaltools.gnu-tools-for-stm32.11.3.rel1.win32_1.1.1.202309131626/tools/bin/../lib/gcc/arm-none-eabi/11.3.1/thumb/v7e-m+fp/hard/crtbegin.o
 *(.bss*)
 .bss.Joy_X     0x0000000020000038        0x2 ./Core/Src/JoyStick.o
                0x0000000020000038                Joy_X
 .bss.Joy_Y     0x000000002000003a        0x2 ./Core/Src/JoyStick.o
                0x000000002000003a                Joy_Y
 .bss.Timer4_flag
                0x000000002000003c        0x4 ./Core/Src/Timers.o
                0x000000002000003c                Timer4_flag
 .bss.Timer3_flag
                0x0000000020000040        0x4 ./Core/Src/Timers.o
                0x0000000020000040                Timer3_flag
 .bss.Timer2_flag
                0x0000000020000044        0x4 ./Core/Src/Timers.o
                0x0000000020000044                Timer2_flag
 .bss.config    0x0000000020000048        0x1 ./Core/Src/nrf24l01.o
                0x0000000020000048                config
 *fill*         0x0000000020000049        0x3 
 .bss.uwTick    0x000000002000004c        0x4 ./Drivers/STM32F4xx_HAL_Driver/Src/stm32f4xx_hal.o
                0x000000002000004c                uwTick
 .bss.hhcd_USB_OTG_FS
                0x0000000020000050      0x304 ./USB_HOST/Target/usbh_conf.o
                0x0000000020000050                hhcd_USB_OTG_FS
 *(COMMON)
                0x0000000020000354                . = ALIGN (0x4)
                0x0000000020000354                _ebss = .
                0x0000000020000354                __bss_end__ = _ebss

._user_heap_stack
                0x0000000020000354      0x604 load address 0x0000000008005008
                0x0000000020000358                . = ALIGN (0x8)
 *fill*         0x0000000020000354        0x4 
                [!provide]                        PROVIDE (end = .)
                0x0000000020000358                PROVIDE (_end = .)
                0x0000000020000558                . = (. + _Min_Heap_Size)
 *fill*         0x0000000020000358      0x200 
                0x0000000020000958                . = (. + _Min_Stack_Size)
 *fill*         0x0000000020000558      0x400 
                0x0000000020000958                . = ALIGN (0x8)

/DISCARD/
 libc.a(*)
 libm.a(*)
 libgcc.a(*)

.ARM.attributes
                0x0000000000000000       0x30
 *(.ARM.attributes)
 .ARM.attributes
                0x0000000000000000       0x1e C:/Personal files/Softwares/ST/STM32CubeIDE_1.13.2/STM32CubeIDE/plugins/com.st.stm32cube.ide.mcu.externaltools.gnu-tools-for-stm32.11.3.rel1.win32_1.1.1.202309131626/tools/bin/../lib/gcc/arm-none-eabi/11.3.1/thumb/v7e-m+fp/hard/crti.o
 .ARM.attributes
                0x000000000000001e       0x34 C:/Personal files/Softwares/ST/STM32CubeIDE_1.13.2/STM32CubeIDE/plugins/com.st.stm32cube.ide.mcu.externaltools.gnu-tools-for-stm32.11.3.rel1.win32_1.1.1.202309131626/tools/bin/../lib/gcc/arm-none-eabi/11.3.1/thumb/v7e-m+fp/hard/crtbegin.o
 .ARM.attributes
                0x0000000000000052       0x34 ./Core/Src/GameInput.o
 .ARM.attributes
                0x0000000000000086       0x34 ./Core/Src/JoyStick.o
 .ARM.attributes
                0x00000000000000ba       0x34 ./Core/Src/Timers.o
 .ARM.attributes
                0x00000000000000ee       0x34 ./Core/Src/fonts.o
 .ARM.attributes
                0x0000000000000122       0x34 ./Core/Src/frame_generator.o
 .ARM.attributes
                0x0000000000000156       0x34 ./Core/Src/ili9341.o
 .ARM.attributes
                0x000000000000018a       0x34 ./Core/Src/main.o
 .ARM.attributes
                0x00000000000001be       0x34 ./Core/Src/nrf24l01.o
 .ARM.attributes
                0x00000000000001f2       0x34 ./Core/Src/spi.o
 .ARM.attributes
                0x0000000000000226       0x34 ./Core/Src/stm32f4xx_it.o
 .ARM.attributes
                0x000000000000025a       0x34 ./Core/Src/system_stm32f4xx.o
 .ARM.attributes
                0x000000000000028e       0x21 ./Core/Startup/startup_stm32f411vetx.o
 .ARM.attributes
                0x00000000000002af       0x34 ./Drivers/STM32F4xx_HAL_Driver/Src/stm32f4xx_hal.o
 .ARM.attributes
                0x00000000000002e3       0x34 ./Drivers/STM32F4xx_HAL_Driver/Src/stm32f4xx_hal_hcd.o
 .ARM.attributes
                0x0000000000000317       0x34 ./Drivers/STM32F4xx_HAL_Driver/Src/stm32f4xx_ll_usb.o
 .ARM.attributes
                0x000000000000034b       0x34 ./Middlewares/ST/STM32_USB_Host_Library/Core/Src/usbh_core.o
 .ARM.attributes
                0x000000000000037f       0x34 ./Middlewares/ST/STM32_USB_Host_Library/Core/Src/usbh_pipes.o
 .ARM.attributes
                0x00000000000003b3       0x34 ./USB_HOST/Target/usbh_conf.o
 .ARM.attributes
                0x00000000000003e7       0x34 C:/Personal files/Softwares/ST/STM32CubeIDE_1.13.2/STM32CubeIDE/plugins/com.st.stm32cube.ide.mcu.externaltools.gnu-tools-for-stm32.11.3.rel1.win32_1.1.1.202309131626/tools/bin/../lib/gcc/arm-none-eabi/11.3.1/../../../../arm-none-eabi/lib/thumb/v7e-m+fp/hard\libc_nano.a(libc_a-init.o)
 .ARM.attributes
                0x000000000000041b       0x1e C:/Personal files/Softwares/ST/STM32CubeIDE_1.13.2/STM32CubeIDE/plugins/com.st.stm32cube.ide.mcu.externaltools.gnu-tools-for-stm32.11.3.rel1.win32_1.1.1.202309131626/tools/bin/../lib/gcc/arm-none-eabi/11.3.1/thumb/v7e-m+fp/hard/crtn.o
OUTPUT(final_project_tft.elf elf32-littlearm)
LOAD linker stubs
LOAD C:/Personal files/Softwares/ST/STM32CubeIDE_1.13.2/STM32CubeIDE/plugins/com.st.stm32cube.ide.mcu.externaltools.gnu-tools-for-stm32.11.3.rel1.win32_1.1.1.202309131626/tools/bin/../lib/gcc/arm-none-eabi/11.3.1/../../../../arm-none-eabi/lib/thumb/v7e-m+fp/hard\libc.a
LOAD C:/Personal files/Softwares/ST/STM32CubeIDE_1.13.2/STM32CubeIDE/plugins/com.st.stm32cube.ide.mcu.externaltools.gnu-tools-for-stm32.11.3.rel1.win32_1.1.1.202309131626/tools/bin/../lib/gcc/arm-none-eabi/11.3.1/../../../../arm-none-eabi/lib/thumb/v7e-m+fp/hard\libm.a
LOAD C:/Personal files/Softwares/ST/STM32CubeIDE_1.13.2/STM32CubeIDE/plugins/com.st.stm32cube.ide.mcu.externaltools.gnu-tools-for-stm32.11.3.rel1.win32_1.1.1.202309131626/tools/bin/../lib/gcc/arm-none-eabi/11.3.1/thumb/v7e-m+fp/hard\libgcc.a

.comment        0x0000000000000000       0x43
 .comment       0x0000000000000000       0x43 C:/Personal files/Softwares/ST/STM32CubeIDE_1.13.2/STM32CubeIDE/plugins/com.st.stm32cube.ide.mcu.externaltools.gnu-tools-for-stm32.11.3.rel1.win32_1.1.1.202309131626/tools/bin/../lib/gcc/arm-none-eabi/11.3.1/thumb/v7e-m+fp/hard/crtbegin.o
                                         0x44 (size before relaxing)
 .comment       0x0000000000000043       0x44 ./Core/Src/GameInput.o
 .comment       0x0000000000000043       0x44 ./Core/Src/JoyStick.o
 .comment       0x0000000000000043       0x44 ./Core/Src/Timers.o
 .comment       0x0000000000000043       0x44 ./Core/Src/fonts.o
 .comment       0x0000000000000043       0x44 ./Core/Src/frame_generator.o
 .comment       0x0000000000000043       0x44 ./Core/Src/ili9341.o
 .comment       0x0000000000000043       0x44 ./Core/Src/main.o
 .comment       0x0000000000000043       0x44 ./Core/Src/nrf24l01.o
 .comment       0x0000000000000043       0x44 ./Core/Src/spi.o
 .comment       0x0000000000000043       0x44 ./Core/Src/stm32f4xx_it.o
 .comment       0x0000000000000043       0x44 ./Core/Src/system_stm32f4xx.o
 .comment       0x0000000000000043       0x44 ./Drivers/STM32F4xx_HAL_Driver/Src/stm32f4xx_hal.o
 .comment       0x0000000000000043       0x44 ./Drivers/STM32F4xx_HAL_Driver/Src/stm32f4xx_hal_hcd.o
 .comment       0x0000000000000043       0x44 ./Drivers/STM32F4xx_HAL_Driver/Src/stm32f4xx_ll_usb.o
 .comment       0x0000000000000043       0x44 ./Middlewares/ST/STM32_USB_Host_Library/Core/Src/usbh_core.o
 .comment       0x0000000000000043       0x44 ./Middlewares/ST/STM32_USB_Host_Library/Core/Src/usbh_pipes.o
 .comment       0x0000000000000043       0x44 ./USB_HOST/Target/usbh_conf.o

.debug_info     0x0000000000000000     0x9894
 .debug_info    0x0000000000000000       0xeb ./Core/Src/GameInput.o
 .debug_info    0x00000000000000eb      0x478 ./Core/Src/JoyStick.o
 .debug_info    0x0000000000000563      0x768 ./Core/Src/Timers.o
 .debug_info    0x0000000000000ccb      0x19a ./Core/Src/fonts.o
 .debug_info    0x0000000000000e65      0x2c9 ./Core/Src/frame_generator.o
 .debug_info    0x000000000000112e      0x7d0 ./Core/Src/ili9341.o
 .debug_info    0x00000000000018fe      0x1f4 ./Core/Src/main.o
 .debug_info    0x0000000000001af2      0x5e4 ./Core/Src/nrf24l01.o
 .debug_info    0x00000000000020d6      0x463 ./Core/Src/spi.o
 .debug_info    0x0000000000002539      0x638 ./Core/Src/stm32f4xx_it.o
 .debug_info    0x0000000000002b71      0x53e ./Core/Src/system_stm32f4xx.o
 .debug_info    0x00000000000030af       0x23 ./Core/Startup/startup_stm32f411vetx.o
 .debug_info    0x00000000000030d2      0x8c4 ./Drivers/STM32F4xx_HAL_Driver/Src/stm32f4xx_hal.o
 .debug_info    0x0000000000003996      0xfea ./Drivers/STM32F4xx_HAL_Driver/Src/stm32f4xx_hal_hcd.o
 .debug_info    0x0000000000004980     0x18f6 ./Drivers/STM32F4xx_HAL_Driver/Src/stm32f4xx_ll_usb.o
 .debug_info    0x0000000000006276      0xf90 ./Middlewares/ST/STM32_USB_Host_Library/Core/Src/usbh_core.o
 .debug_info    0x0000000000007206      0xa8e ./Middlewares/ST/STM32_USB_Host_Library/Core/Src/usbh_pipes.o
 .debug_info    0x0000000000007c94     0x1c00 ./USB_HOST/Target/usbh_conf.o

.debug_abbrev   0x0000000000000000     0x2006
 .debug_abbrev  0x0000000000000000       0x9a ./Core/Src/GameInput.o
 .debug_abbrev  0x000000000000009a      0x150 ./Core/Src/JoyStick.o
 .debug_abbrev  0x00000000000001ea      0x17d ./Core/Src/Timers.o
 .debug_abbrev  0x0000000000000367       0xb3 ./Core/Src/fonts.o
 .debug_abbrev  0x000000000000041a      0x149 ./Core/Src/frame_generator.o
 .debug_abbrev  0x0000000000000563      0x23f ./Core/Src/ili9341.o
 .debug_abbrev  0x00000000000007a2      0x12e ./Core/Src/main.o
 .debug_abbrev  0x00000000000008d0      0x246 ./Core/Src/nrf24l01.o
 .debug_abbrev  0x0000000000000b16      0x12e ./Core/Src/spi.o
 .debug_abbrev  0x0000000000000c44      0x1a4 ./Core/Src/stm32f4xx_it.o
 .debug_abbrev  0x0000000000000de8      0x11a ./Core/Src/system_stm32f4xx.o
 .debug_abbrev  0x0000000000000f02       0x12 ./Core/Startup/startup_stm32f411vetx.o
 .debug_abbrev  0x0000000000000f14      0x24b ./Drivers/STM32F4xx_HAL_Driver/Src/stm32f4xx_hal.o
 .debug_abbrev  0x000000000000115f      0x291 ./Drivers/STM32F4xx_HAL_Driver/Src/stm32f4xx_hal_hcd.o
 .debug_abbrev  0x00000000000013f0      0x2ac ./Drivers/STM32F4xx_HAL_Driver/Src/stm32f4xx_ll_usb.o
 .debug_abbrev  0x000000000000169c      0x327 ./Middlewares/ST/STM32_USB_Host_Library/Core/Src/usbh_core.o
 .debug_abbrev  0x00000000000019c3      0x281 ./Middlewares/ST/STM32_USB_Host_Library/Core/Src/usbh_pipes.o
 .debug_abbrev  0x0000000000001c44      0x3c2 ./USB_HOST/Target/usbh_conf.o

.debug_aranges  0x0000000000000000      0x880
 .debug_aranges
                0x0000000000000000       0x28 ./Core/Src/GameInput.o
 .debug_aranges
                0x0000000000000028       0x30 ./Core/Src/JoyStick.o
 .debug_aranges
                0x0000000000000058       0x50 ./Core/Src/Timers.o
 .debug_aranges
                0x00000000000000a8       0x18 ./Core/Src/fonts.o
 .debug_aranges
                0x00000000000000c0       0x30 ./Core/Src/frame_generator.o
 .debug_aranges
                0x00000000000000f0       0x80 ./Core/Src/ili9341.o
 .debug_aranges
                0x0000000000000170       0x20 ./Core/Src/main.o
 .debug_aranges
                0x0000000000000190       0x70 ./Core/Src/nrf24l01.o
 .debug_aranges
                0x0000000000000200       0x68 ./Core/Src/spi.o
 .debug_aranges
                0x0000000000000268       0x68 ./Core/Src/stm32f4xx_it.o
 .debug_aranges
                0x00000000000002d0       0x28 ./Core/Src/system_stm32f4xx.o
 .debug_aranges
                0x00000000000002f8       0x28 ./Core/Startup/startup_stm32f411vetx.o
 .debug_aranges
                0x0000000000000320       0xf0 ./Drivers/STM32F4xx_HAL_Driver/Src/stm32f4xx_hal.o
 .debug_aranges
                0x0000000000000410       0xf8 ./Drivers/STM32F4xx_HAL_Driver/Src/stm32f4xx_hal_hcd.o
 .debug_aranges
                0x0000000000000508      0x1a0 ./Drivers/STM32F4xx_HAL_Driver/Src/stm32f4xx_ll_usb.o
 .debug_aranges
                0x00000000000006a8       0xc0 ./Middlewares/ST/STM32_USB_Host_Library/Core/Src/usbh_core.o
 .debug_aranges
                0x0000000000000768       0x40 ./Middlewares/ST/STM32_USB_Host_Library/Core/Src/usbh_pipes.o
 .debug_aranges
                0x00000000000007a8       0xd8 ./USB_HOST/Target/usbh_conf.o

.debug_rnglists
                0x0000000000000000      0x629
 .debug_rnglists
                0x0000000000000000       0x19 ./Core/Src/GameInput.o
 .debug_rnglists
                0x0000000000000019       0x20 ./Core/Src/JoyStick.o
 .debug_rnglists
                0x0000000000000039       0x37 ./Core/Src/Timers.o
 .debug_rnglists
                0x0000000000000070       0x1f ./Core/Src/frame_generator.o
 .debug_rnglists
                0x000000000000008f       0x62 ./Core/Src/ili9341.o
 .debug_rnglists
                0x00000000000000f1       0x13 ./Core/Src/main.o
 .debug_rnglists
                0x0000000000000104       0x52 ./Core/Src/nrf24l01.o
 .debug_rnglists
                0x0000000000000156       0x4b ./Core/Src/spi.o
 .debug_rnglists
                0x00000000000001a1       0x49 ./Core/Src/stm32f4xx_it.o
 .debug_rnglists
                0x00000000000001ea       0x1a ./Core/Src/system_stm32f4xx.o
 .debug_rnglists
                0x0000000000000204       0x19 ./Core/Startup/startup_stm32f411vetx.o
 .debug_rnglists
                0x000000000000021d       0xaf ./Drivers/STM32F4xx_HAL_Driver/Src/stm32f4xx_hal.o
 .debug_rnglists
                0x00000000000002cc       0xbd ./Drivers/STM32F4xx_HAL_Driver/Src/stm32f4xx_hal_hcd.o
 .debug_rnglists
                0x0000000000000389      0x148 ./Drivers/STM32F4xx_HAL_Driver/Src/stm32f4xx_ll_usb.o
 .debug_rnglists
                0x00000000000004d1       0x8f ./Middlewares/ST/STM32_USB_Host_Library/Core/Src/usbh_core.o
 .debug_rnglists
                0x0000000000000560       0x2b ./Middlewares/ST/STM32_USB_Host_Library/Core/Src/usbh_pipes.o
 .debug_rnglists
                0x000000000000058b       0x9e ./USB_HOST/Target/usbh_conf.o

.debug_macro    0x0000000000000000    0x169bf
 .debug_macro   0x0000000000000000      0x231 ./Core/Src/GameInput.o
 .debug_macro   0x0000000000000231      0xaa8 ./Core/Src/GameInput.o
 .debug_macro   0x0000000000000cd9       0x2e ./Core/Src/GameInput.o
 .debug_macro   0x0000000000000d07       0x28 ./Core/Src/GameInput.o
 .debug_macro   0x0000000000000d2f       0x22 ./Core/Src/GameInput.o
 .debug_macro   0x0000000000000d51       0x8e ./Core/Src/GameInput.o
 .debug_macro   0x0000000000000ddf       0x51 ./Core/Src/GameInput.o
 .debug_macro   0x0000000000000e30      0x103 ./Core/Src/GameInput.o
 .debug_macro   0x0000000000000f33       0x6a ./Core/Src/GameInput.o
 .debug_macro   0x0000000000000f9d      0x1df ./Core/Src/GameInput.o
 .debug_macro   0x000000000000117c       0x1c ./Core/Src/GameInput.o
 .debug_macro   0x0000000000001198       0x22 ./Core/Src/GameInput.o
 .debug_macro   0x00000000000011ba       0xd9 ./Core/Src/GameInput.o
 .debug_macro   0x0000000000001293     0x102d ./Core/Src/GameInput.o
 .debug_macro   0x00000000000022c0      0x11f ./Core/Src/GameInput.o
 .debug_macro   0x00000000000023df     0xb953 ./Core/Src/GameInput.o
 .debug_macro   0x000000000000dd32       0x6d ./Core/Src/GameInput.o
 .debug_macro   0x000000000000dd9f      0x2a7 ./Core/Src/GameInput.o
 .debug_macro   0x000000000000e046     0x367e ./Core/Src/GameInput.o
 .debug_macro   0x00000000000116c4      0x174 ./Core/Src/GameInput.o
 .debug_macro   0x0000000000011838       0x5c ./Core/Src/GameInput.o
 .debug_macro   0x0000000000011894      0x447 ./Core/Src/GameInput.o
 .debug_macro   0x0000000000011cdb      0x9fe ./Core/Src/GameInput.o
 .debug_macro   0x00000000000126d9      0x115 ./Core/Src/GameInput.o
 .debug_macro   0x00000000000127ee      0x11b ./Core/Src/GameInput.o
 .debug_macro   0x0000000000012909       0xa5 ./Core/Src/GameInput.o
 .debug_macro   0x00000000000129ae      0x15f ./Core/Src/GameInput.o
 .debug_macro   0x0000000000012b0d      0x287 ./Core/Src/GameInput.o
 .debug_macro   0x0000000000012d94       0x5f ./Core/Src/GameInput.o
 .debug_macro   0x0000000000012df3      0x236 ./Core/Src/GameInput.o
 .debug_macro   0x0000000000013029      0x132 ./Core/Src/GameInput.o
 .debug_macro   0x000000000001315b      0x264 ./Core/Src/GameInput.o
 .debug_macro   0x00000000000133bf       0x2e ./Core/Src/GameInput.o
 .debug_macro   0x00000000000133ed      0x1b5 ./Core/Src/GameInput.o
 .debug_macro   0x00000000000135a2       0x22 ./Core/Src/GameInput.o
 .debug_macro   0x00000000000135c4       0xd6 ./Core/Src/GameInput.o
 .debug_macro   0x000000000001369a      0x1a7 ./Core/Src/GameInput.o
 .debug_macro   0x0000000000013841       0x46 ./Core/Src/GameInput.o
 .debug_macro   0x0000000000013887       0x4a ./Core/Src/GameInput.o
 .debug_macro   0x00000000000138d1      0x11a ./Core/Src/GameInput.o
 .debug_macro   0x00000000000139eb       0x85 ./Core/Src/GameInput.o
 .debug_macro   0x0000000000013a70       0x89 ./Core/Src/GameInput.o
 .debug_macro   0x0000000000013af9      0x225 ./Core/Src/GameInput.o
 .debug_macro   0x0000000000013d1e      0x248 ./Core/Src/GameInput.o
 .debug_macro   0x0000000000013f66       0x7c ./Core/Src/GameInput.o
 .debug_macro   0x0000000000013fe2      0x126 ./Core/Src/GameInput.o
 .debug_macro   0x0000000000014108      0x219 ./Core/Src/JoyStick.o
 .debug_macro   0x0000000000014321      0x20f ./Core/Src/Timers.o
 .debug_macro   0x0000000000014530       0x6d ./Core/Src/fonts.o
 .debug_macro   0x000000000001459d       0xb5 ./Core/Src/frame_generator.o
 .debug_macro   0x0000000000014652       0x16 ./Core/Src/frame_generator.o
 .debug_macro   0x0000000000014668      0x12a ./Core/Src/frame_generator.o
 .debug_macro   0x0000000000014792      0x22a ./Core/Src/ili9341.o
 .debug_macro   0x00000000000149bc      0x27b ./Core/Src/main.o
 .debug_macro   0x0000000000014c37      0x19c ./Core/Src/main.o
 .debug_macro   0x0000000000014dd3      0x462 ./Core/Src/nrf24l01.o
 .debug_macro   0x0000000000015235      0x209 ./Core/Src/spi.o
 .debug_macro   0x000000000001543e      0x21e ./Core/Src/stm32f4xx_it.o
 .debug_macro   0x000000000001565c      0x205 ./Core/Src/system_stm32f4xx.o
 .debug_macro   0x0000000000015861      0x265 ./Drivers/STM32F4xx_HAL_Driver/Src/stm32f4xx_hal.o
 .debug_macro   0x0000000000015ac6      0x205 ./Drivers/STM32F4xx_HAL_Driver/Src/stm32f4xx_hal_hcd.o
 .debug_macro   0x0000000000015ccb      0x205 ./Drivers/STM32F4xx_HAL_Driver/Src/stm32f4xx_ll_usb.o
 .debug_macro   0x0000000000015ed0      0x3a9 ./Middlewares/ST/STM32_USB_Host_Library/Core/Src/usbh_core.o
 .debug_macro   0x0000000000016279      0x39b ./Middlewares/ST/STM32_USB_Host_Library/Core/Src/usbh_pipes.o
 .debug_macro   0x0000000000016614      0x3ab ./USB_HOST/Target/usbh_conf.o

.debug_line     0x0000000000000000     0xb99c
 .debug_line    0x0000000000000000      0x7bf ./Core/Src/GameInput.o
 .debug_line    0x00000000000007bf      0x803 ./Core/Src/JoyStick.o
 .debug_line    0x0000000000000fc2      0x883 ./Core/Src/Timers.o
 .debug_line    0x0000000000001845      0x3de ./Core/Src/fonts.o
 .debug_line    0x0000000000001c23      0x4a8 ./Core/Src/frame_generator.o
 .debug_line    0x00000000000020cb      0xb56 ./Core/Src/ili9341.o
 .debug_line    0x0000000000002c21      0x828 ./Core/Src/main.o
 .debug_line    0x0000000000003449      0x9d1 ./Core/Src/nrf24l01.o
 .debug_line    0x0000000000003e1a      0x959 ./Core/Src/spi.o
 .debug_line    0x0000000000004773      0x852 ./Core/Src/stm32f4xx_it.o
 .debug_line    0x0000000000004fc5      0x7f9 ./Core/Src/system_stm32f4xx.o
 .debug_line    0x00000000000057be       0x7a ./Core/Startup/startup_stm32f411vetx.o
 .debug_line    0x0000000000005838      0xa5f ./Drivers/STM32F4xx_HAL_Driver/Src/stm32f4xx_hal.o
 .debug_line    0x0000000000006297     0x125e ./Drivers/STM32F4xx_HAL_Driver/Src/stm32f4xx_hal_hcd.o
 .debug_line    0x00000000000074f5     0x1b20 ./Drivers/STM32F4xx_HAL_Driver/Src/stm32f4xx_ll_usb.o
 .debug_line    0x0000000000009015     0x1193 ./Middlewares/ST/STM32_USB_Host_Library/Core/Src/usbh_core.o
 .debug_line    0x000000000000a1a8      0xa99 ./Middlewares/ST/STM32_USB_Host_Library/Core/Src/usbh_pipes.o
 .debug_line    0x000000000000ac41      0xd5b ./USB_HOST/Target/usbh_conf.o

.debug_str      0x0000000000000000    0x8b637
 .debug_str     0x0000000000000000    0x82f06 ./Core/Src/GameInput.o
                                      0x83177 (size before relaxing)
 .debug_str     0x0000000000082f06      0x1cc ./Core/Src/JoyStick.o
                                      0x832b6 (size before relaxing)
 .debug_str     0x00000000000830d2      0x483 ./Core/Src/Timers.o
                                      0x83684 (size before relaxing)
 .debug_str     0x0000000000083555       0x78 ./Core/Src/fonts.o
                                       0x3dec (size before relaxing)
 .debug_str     0x00000000000835cd      0x432 ./Core/Src/frame_generator.o
                                       0x41fe (size before relaxing)
 .debug_str     0x00000000000839ff      0x106 ./Core/Src/ili9341.o
                                      0x8367b (size before relaxing)
 .debug_str     0x0000000000083b05      0x741 ./Core/Src/main.o
                                      0x83bf9 (size before relaxing)
 .debug_str     0x0000000000084246      0x5f7 ./Core/Src/nrf24l01.o
                                      0x8387e (size before relaxing)
 .debug_str     0x000000000008483d       0x52 ./Core/Src/spi.o
                                      0x832be (size before relaxing)
 .debug_str     0x000000000008488f      0x497 ./Core/Src/stm32f4xx_it.o
                                      0x83c4f (size before relaxing)
 .debug_str     0x0000000000084d26       0xdb ./Core/Src/system_stm32f4xx.o
                                      0x83285 (size before relaxing)
 .debug_str     0x0000000000084e01       0x34 ./Core/Startup/startup_stm32f411vetx.o
                                         0xf8 (size before relaxing)
 .debug_str     0x0000000000084e35      0x679 ./Drivers/STM32F4xx_HAL_Driver/Src/stm32f4xx_hal.o
                                      0x83cb1 (size before relaxing)
 .debug_str     0x00000000000854ae      0x553 ./Drivers/STM32F4xx_HAL_Driver/Src/stm32f4xx_hal_hcd.o
                                      0x83a50 (size before relaxing)
 .debug_str     0x0000000000085a01      0x52b ./Drivers/STM32F4xx_HAL_Driver/Src/stm32f4xx_ll_usb.o
                                      0x83b9d (size before relaxing)
 .debug_str     0x0000000000085f2c     0x5478 ./Middlewares/ST/STM32_USB_Host_Library/Core/Src/usbh_core.o
                                      0x88c9c (size before relaxing)
 .debug_str     0x000000000008b3a4       0x98 ./Middlewares/ST/STM32_USB_Host_Library/Core/Src/usbh_pipes.o
                                      0x889db (size before relaxing)
 .debug_str     0x000000000008b43c      0x1fb ./USB_HOST/Target/usbh_conf.o
                                      0x89787 (size before relaxing)

.debug_frame    0x0000000000000000     0x2014
 .debug_frame   0x0000000000000000       0x48 ./Core/Src/GameInput.o
 .debug_frame   0x0000000000000048       0x6c ./Core/Src/JoyStick.o
 .debug_frame   0x00000000000000b4       0xf0 ./Core/Src/Timers.o
 .debug_frame   0x00000000000001a4       0x84 ./Core/Src/frame_generator.o
 .debug_frame   0x0000000000000228      0x204 ./Core/Src/ili9341.o
 .debug_frame   0x000000000000042c       0x30 ./Core/Src/main.o
 .debug_frame   0x000000000000045c      0x1a4 ./Core/Src/nrf24l01.o
 .debug_frame   0x0000000000000600      0x160 ./Core/Src/spi.o
 .debug_frame   0x0000000000000760      0x120 ./Core/Src/stm32f4xx_it.o
 .debug_frame   0x0000000000000880       0x58 ./Core/Src/system_stm32f4xx.o
 .debug_frame   0x00000000000008d8      0x374 ./Drivers/STM32F4xx_HAL_Driver/Src/stm32f4xx_hal.o
 .debug_frame   0x0000000000000c4c      0x450 ./Drivers/STM32F4xx_HAL_Driver/Src/stm32f4xx_hal_hcd.o
 .debug_frame   0x000000000000109c      0x7c0 ./Drivers/STM32F4xx_HAL_Driver/Src/stm32f4xx_ll_usb.o
 .debug_frame   0x000000000000185c      0x338 ./Middlewares/ST/STM32_USB_Host_Library/Core/Src/usbh_core.o
 .debug_frame   0x0000000000001b94       0xcc ./Middlewares/ST/STM32_USB_Host_Library/Core/Src/usbh_pipes.o
 .debug_frame   0x0000000000001c60      0x388 ./USB_HOST/Target/usbh_conf.o
 .debug_frame   0x0000000000001fe8       0x2c C:/Personal files/Softwares/ST/STM32CubeIDE_1.13.2/STM32CubeIDE/plugins/com.st.stm32cube.ide.mcu.externaltools.gnu-tools-for-stm32.11.3.rel1.win32_1.1.1.202309131626/tools/bin/../lib/gcc/arm-none-eabi/11.3.1/../../../../arm-none-eabi/lib/thumb/v7e-m+fp/hard\libc_nano.a(libc_a-init.o)

.debug_line_str
                0x0000000000000000       0xec
 .debug_line_str
                0x0000000000000000       0xec ./Core/Startup/startup_stm32f411vetx.o
                                        0x104 (size before relaxing)
